
(1 row affected)

(1 row affected)

(1 row affected)

(1 row affected)

(1 row affected)

(1 row affected)

(1 row affected)

(1 row affected)

(1 row affected)

(1 row affected)

(1 row affected)

(1 row affected)

(1 row affected)

(1 row affected)

(1 row affected)

(1 row affected)

(1 row affected)

(1 row affected)

(1 row affected)

(1 row affected)

(1 row affected)

(1 row affected)

(1 row affected)

(1 row affected)

(1 row affected)

(1 row affected)

(1 row affected)

(1 row affected)

(1 row affected)

(1 row affected)

(1 row affected)

(1 row affected)

(1 row affected)

(1 row affected)

(1 row affected)

(1 row affected)

(1 row affected)

(1 row affected)

(1 row affected)

(1 row affected)

(1 row affected)

(1 row affected)

(1 row affected)

(1 row affected)

(1 row affected)

(1 row affected)

(1 row affected)

(1 row affected)

(1 row affected)

(1 row affected)

(1 row affected)

(1 row affected)

(1 row affected)

(1 row affected)

(1 row affected)

(1 row affected)

(1 row affected)

(1 row affected)

(1 row affected)

(1 row affected)

(1 row affected)

(1 row affected)

(1 row affected)

(1 row affected)

(1 row affected)

(1 row affected)

(1 row affected)

(1 row affected)

(1 row affected)

(1 row affected)

(1 row affected)

(1 row affected)

(1 row affected)

(1 row affected)

(1 row affected)

(1 row affected)

(1 row affected)

(1 row affected)

(1 row affected)

(1 row affected)

(1 row affected)

(1 row affected)

(1 row affected)

(1 row affected)

(1 row affected)

(1 row affected)

(1 row affected)

(1 row affected)

(1 row affected)

(1 row affected)

(1 row affected)

(1 row affected)

(1 row affected)

(1 row affected)

(1 row affected)

(1 row affected)

(1 row affected)

(1 row affected)

(1 row affected)

(1 row affected)

(1 row affected)

(1 row affected)

(1 row affected)

(1 row affected)

(1 row affected)

(1 row affected)

(1 row affected)

(1 row affected)

(1 row affected)

(1 row affected)

(1 row affected)

(1 row affected)

(1 row affected)

(1 row affected)

(1 row affected)

(1 row affected)

(1 row affected)

(1 row affected)

(1 row affected)

(1 row affected)

(1 row affected)

(1 row affected)

(1 row affected)

(1 row affected)

(1 row affected)

(1 row affected)

(1 row affected)

(1 row affected)

(1 row affected)

(1 row affected)

(1 row affected)

(1 row affected)

(1 row affected)

(1 row affected)

(1 row affected)

(1 row affected)

(1 row affected)

(1 row affected)

(1 row affected)

(1 row affected)

(1 row affected)

(1 row affected)

(1 row affected)

(1 row affected)

(1 row affected)

(1 row affected)

(1 row affected)

(1 row affected)

(1 row affected)

(1 row affected)

(1 row affected)

(1 row affected)

(1 row affected)

(1 row affected)

(1 row affected)

(1 row affected)

(1 row affected)

(1 row affected)

(1 row affected)

(1 row affected)

(1 row affected)

(1 row affected)

(1 row affected)

(1 row affected)

(1 row affected)

(1 row affected)

(1 row affected)

(1 row affected)

(1 row affected)

(1 row affected)

(1 row affected)

(1 row affected)

(1 row affected)

(1 row affected)

(1 row affected)

(1 row affected)

(1 row affected)

(1 row affected)

(1 row affected)

(1 row affected)

(1 row affected)

(1 row affected)

(1 row affected)

(1 row affected)

(1 row affected)

(1 row affected)

(1 row affected)

(1 row affected)

(1 row affected)

(1 row affected)

(1 row affected)

(1 row affected)

(1 row affected)

(1 row affected)

(1 row affected)

(1 row affected)

(1 row affected)

(1 row affected)

(1 row affected)

(1 row affected)

(1 row affected)

(1 row affected)

(1 row affected)

(1 row affected)

(1 row affected)

(1 row affected)

(1 row affected)

(1 row affected)

(1 row affected)

(1 row affected)

(1 row affected)

(1 row affected)

(1 row affected)

(1 row affected)

(1 row affected)

(1 row affected)

(1 row affected)

(1 row affected)

(1 row affected)

(1 row affected)

(1 row affected)

(1 row affected)

(1 row affected)

(1 row affected)

(1 row affected)

(1 row affected)

(1 row affected)

(1 row affected)

(1 row affected)

(1 row affected)

(1 row affected)

(1 row affected)

(1 row affected)

(1 row affected)

(1 row affected)

(1 row affected)

(1 row affected)

(1 row affected)

(1 row affected)

(1 row affected)

(1 row affected)

(1 row affected)

(1 row affected)

(1 row affected)

(1 row affected)

(1 row affected)

(1 row affected)

(1 row affected)

(1 row affected)

(1 row affected)

(1 row affected)

(1 row affected)

(1 row affected)

(1 row affected)

(1 row affected)

(1 row affected)

(1 row affected)

(1 row affected)

(1 row affected)

(1 row affected)

(1 row affected)

(1 row affected)

(1 row affected)

(1 row affected)

(1 row affected)

(1 row affected)

(1 row affected)

(1 row affected)

Completion time: 2023-11-21T14:13:40.9257022+05:30
